nftset=/2012.telegram.com/4#inet#fw4#vpn_domains
nftset=/53.telegram.com/4#inet#fw4#vpn_domains
nftset=/82.telegram.com/4#inet#fw4#vpn_domains
nftset=/a2.telegram.com/4#inet#fw4#vpn_domains
nftset=/a3.telegram.com/4#inet#fw4#vpn_domains
nftset=/abbvie.telegram.com/4#inet#fw4#vpn_domains
nftset=/about.telegram.com/4#inet#fw4#vpn_domains
nftset=/aboutschwab.telegram.com/4#inet#fw4#vpn_domains
nftset=/academy.telegram.com/4#inet#fw4#vpn_domains
nftset=/acceptatie.telegram.com/4#inet#fw4#vpn_domains
nftset=/access.telegram.com/4#inet#fw4#vpn_domains
nftset=/account.telegram.com/4#inet#fw4#vpn_domains
nftset=/ad.telegram.com/4#inet#fw4#vpn_domains
nftset=/adam.telegram.com/4#inet#fw4#vpn_domains
nftset=/adfs.telegram.com/4#inet#fw4#vpn_domains
nftset=/adm.telegram.com/4#inet#fw4#vpn_domains
nftset=/admin.telegram.com/4#inet#fw4#vpn_domains
nftset=/administrator.telegram.com/4#inet#fw4#vpn_domains
nftset=/administrators.telegram.com/4#inet#fw4#vpn_domains
nftset=/adp.telegram.com/4#inet#fw4#vpn_domains
nftset=/adsl.telegram.com/4#inet#fw4#vpn_domains
nftset=/adv.telegram.com/4#inet#fw4#vpn_domains
nftset=/advanceautoparts.telegram.com/4#inet#fw4#vpn_domains
nftset=/aep.telegram.com/4#inet#fw4#vpn_domains
nftset=/aflac.telegram.com/4#inet#fw4#vpn_domains
nftset=/agcocorp.telegram.com/4#inet#fw4#vpn_domains
nftset=/agenda.telegram.com/4#inet#fw4#vpn_domains
nftset=/aim4.telegram.com/4#inet#fw4#vpn_domains
nftset=/allstate.telegram.com/4#inet#fw4#vpn_domains
nftset=/alpha.telegram.com/4#inet#fw4#vpn_domains
nftset=/alumni.telegram.com/4#inet#fw4#vpn_domains
nftset=/amark.telegram.com/4#inet#fw4#vpn_domains
nftset=/amazon.telegram.com/4#inet#fw4#vpn_domains
nftset=/ameren.telegram.com/4#inet#fw4#vpn_domains
nftset=/ameriprise.telegram.com/4#inet#fw4#vpn_domains
nftset=/amfam.telegram.com/4#inet#fw4#vpn_domains
nftset=/and.telegram.com/4#inet#fw4#vpn_domains
nftset=/ann.telegram.com/4#inet#fw4#vpn_domains
nftset=/antheminc.telegram.com/4#inet#fw4#vpn_domains
nftset=/api.telegram.com/4#inet#fw4#vpn_domains
nftset=/api.telegram.org/4#inet#fw4#vpn_domains
nftset=/app.telegram.com/4#inet#fw4#vpn_domains
nftset=/app2.telegram.com/4#inet#fw4#vpn_domains
nftset=/appliedmaterials.telegram.com/4#inet#fw4#vpn_domains
nftset=/aquila.telegram.com/4#inet#fw4#vpn_domains
nftset=/archive.telegram.com/4#inet#fw4#vpn_domains
nftset=/arrow.telegram.com/4#inet#fw4#vpn_domains
nftset=/art.telegram.com/4#inet#fw4#vpn_domains
nftset=/asset.telegram.com/4#inet#fw4#vpn_domains
nftset=/assets3.telegram.com/4#inet#fw4#vpn_domains
nftset=/assets4.telegram.com/4#inet#fw4#vpn_domains
nftset=/assurant.telegram.com/4#inet#fw4#vpn_domains
nftset=/atom.telegram.com/4#inet#fw4#vpn_domains
nftset=/att.telegram.com/4#inet#fw4#vpn_domains
nftset=/auto.telegram.com/4#inet#fw4#vpn_domains
nftset=/autoconfig.telegram.com/4#inet#fw4#vpn_domains
nftset=/autodiscover.telegram.com/4#inet#fw4#vpn_domains
nftset=/autoliv.telegram.com/4#inet#fw4#vpn_domains
nftset=/autonation.telegram.com/4#inet#fw4#vpn_domains
nftset=/av.telegram.com/4#inet#fw4#vpn_domains
nftset=/averydennison.telegram.com/4#inet#fw4#vpn_domains
nftset=/avoncompany.telegram.com/4#inet#fw4#vpn_domains
nftset=/aws.telegram.com/4#inet#fw4#vpn_domains
nftset=/awstats.telegram.com/4#inet#fw4#vpn_domains
nftset=/awverify.telegram.com/4#inet#fw4#vpn_domains
nftset=/ayuda.telegram.com/4#inet#fw4#vpn_domains
nftset=/b.telegram.com/4#inet#fw4#vpn_domains
nftset=/b2b.telegram.com/4#inet#fw4#vpn_domains
nftset=/backend.telegram.com/4#inet#fw4#vpn_domains
nftset=/backup-mailserver.telegram.com/4#inet#fw4#vpn_domains
nftset=/backup1.telegram.com/4#inet#fw4#vpn_domains
nftset=/backupmx.telegram.com/4#inet#fw4#vpn_domains
nftset=/backups.telegram.com/4#inet#fw4#vpn_domains
nftset=/bakerhughes.telegram.com/4#inet#fw4#vpn_domains
nftset=/ball.telegram.com/4#inet#fw4#vpn_domains
nftset=/bankofamerica.telegram.com/4#inet#fw4#vpn_domains
nftset=/barracuda.telegram.com/4#inet#fw4#vpn_domains
nftset=/base.telegram.com/4#inet#fw4#vpn_domains
nftset=/baxalta.telegram.com/4#inet#fw4#vpn_domains
nftset=/baxter.telegram.com/4#inet#fw4#vpn_domains
nftset=/bbs.telegram.com/4#inet#fw4#vpn_domains
nftset=/bd.telegram.com/4#inet#fw4#vpn_domains
nftset=/bedbathandbeyond.telegram.com/4#inet#fw4#vpn_domains
nftset=/berkshirehathaway.telegram.com/4#inet#fw4#vpn_domains
nftset=/bestbuy.telegram.com/4#inet#fw4#vpn_domains
nftset=/beta.telegram.com/4#inet#fw4#vpn_domains
nftset=/biblioteca.telegram.com/4#inet#fw4#vpn_domains
nftset=/blog2.telegram.com/4#inet#fw4#vpn_domains
nftset=/bnymellon.telegram.com/4#inet#fw4#vpn_domains
nftset=/boeing.telegram.com/4#inet#fw4#vpn_domains
nftset=/booking.telegram.com/4#inet#fw4#vpn_domains
nftset=/bookings.telegram.com/4#inet#fw4#vpn_domains
nftset=/bookmarks.telegram.com/4#inet#fw4#vpn_domains
nftset=/borgwarner.telegram.com/4#inet#fw4#vpn_domains
nftset=/boson.telegram.com/4#inet#fw4#vpn_domains
nftset=/bostonscientific.telegram.com/4#inet#fw4#vpn_domains
nftset=/box.telegram.com/4#inet#fw4#vpn_domains
nftset=/bristol.telegram.com/4#inet#fw4#vpn_domains
nftset=/brlconsulting.telegram.com/4#inet#fw4#vpn_domains
nftset=/broadcom.telegram.com/4#inet#fw4#vpn_domains
nftset=/bsd.telegram.com/4#inet#fw4#vpn_domains
nftset=/bt.telegram.com/4#inet#fw4#vpn_domains
nftset=/bugs.telegram.com/4#inet#fw4#vpn_domains
nftset=/burlingtonstores.telegram.com/4#inet#fw4#vpn_domains
nftset=/c-a-m.telegram.com/4#inet#fw4#vpn_domains
nftset=/ca.telegram.com/4#inet#fw4#vpn_domains
nftset=/cache.telegram.com/4#inet#fw4#vpn_domains
nftset=/calpine.telegram.com/4#inet#fw4#vpn_domains
nftset=/cambridge.telegram.com/4#inet#fw4#vpn_domains
nftset=/camera.telegram.com/4#inet#fw4#vpn_domains
nftset=/campaign.telegram.com/4#inet#fw4#vpn_domains
nftset=/campbellsoupcompany.telegram.com/4#inet#fw4#vpn_domains
nftset=/capitalone.telegram.com/4#inet#fw4#vpn_domains
nftset=/cardinal.telegram.com/4#inet#fw4#vpn_domains
nftset=/cas.telegram.com/4#inet#fw4#vpn_domains
nftset=/caseys.telegram.com/4#inet#fw4#vpn_domains
nftset=/cat.telegram.com/4#inet#fw4#vpn_domains
nftset=/catalogue.telegram.com/4#inet#fw4#vpn_domains
nftset=/caterpillar.telegram.com/4#inet#fw4#vpn_domains
nftset=/cbrands.telegram.com/4#inet#fw4#vpn_domains
nftset=/cbre.telegram.com/4#inet#fw4#vpn_domains
nftset=/cbscorporation.telegram.com/4#inet#fw4#vpn_domains
nftset=/cc.telegram.com/4#inet#fw4#vpn_domains
nftset=/cdn-telegram.org/4#inet#fw4#vpn_domains
nftset=/cdn.telegram.com/4#inet#fw4#vpn_domains
nftset=/cdn1.cdn-telegram.org/4#inet#fw4#vpn_domains
nftset=/cdn2.cdn-telegram.org/4#inet#fw4#vpn_domains
nftset=/cdn2.telegram.com/4#inet#fw4#vpn_domains
nftset=/cdn3.cdn-telegram.org/4#inet#fw4#vpn_domains
nftset=/cdn4.cdn-telegram.org/4#inet#fw4#vpn_domains
nftset=/cdn5.cdn-telegram.org/4#inet#fw4#vpn_domains
nftset=/cdn6.cdn-telegram.org/4#inet#fw4#vpn_domains
nftset=/cdw.telegram.com/4#inet#fw4#vpn_domains
nftset=/celanese.telegram.com/4#inet#fw4#vpn_domains
nftset=/celgene.telegram.com/4#inet#fw4#vpn_domains
nftset=/centene.telegram.com/4#inet#fw4#vpn_domains
nftset=/cg.telegram.com/4#inet#fw4#vpn_domains
nftset=/cgi.telegram.com/4#inet#fw4#vpn_domains
nftset=/ch2m.telegram.com/4#inet#fw4#vpn_domains
nftset=/charter.telegram.com/4#inet#fw4#vpn_domains
nftset=/chat.telegram.com/4#inet#fw4#vpn_domains
nftset=/chevron.telegram.com/4#inet#fw4#vpn_domains
nftset=/christmas.telegram.com/4#inet#fw4#vpn_domains
nftset=/chronos.telegram.com/4#inet#fw4#vpn_domains
nftset=/cinfin.telegram.com/4#inet#fw4#vpn_domains
nftset=/cip.telegram.com/4#inet#fw4#vpn_domains
nftset=/cisco.telegram.com/4#inet#fw4#vpn_domains
nftset=/citigroup.telegram.com/4#inet#fw4#vpn_domains
nftset=/citrix.telegram.com/4#inet#fw4#vpn_domains
nftset=/clicks.telegram.com/4#inet#fw4#vpn_domains
nftset=/clients.telegram.com/4#inet#fw4#vpn_domains
nftset=/cloudflare-resolve-to.telegram.com/4#inet#fw4#vpn_domains
nftset=/cn.telegram.com/4#inet#fw4#vpn_domains
nftset=/cname.telegram.com/4#inet#fw4#vpn_domains
nftset=/co.telegram.com/4#inet#fw4#vpn_domains
nftset=/coca-colacompany.telegram.com/4#inet#fw4#vpn_domains
nftset=/cognizant.telegram.com/4#inet#fw4#vpn_domains
nftset=/cokecce.telegram.com/4#inet#fw4#vpn_domains
nftset=/colgatepalmolive.telegram.com/4#inet#fw4#vpn_domains
nftset=/comcastcorporation.telegram.com/4#inet#fw4#vpn_domains
nftset=/comment.telegram.com/4#inet#fw4#vpn_domains
nftset=/comments.app/4#inet#fw4#vpn_domains
nftset=/comments.telegram.com/4#inet#fw4#vpn_domains
nftset=/communities.telegram.com/4#inet#fw4#vpn_domains
nftset=/conedison.telegram.com/4#inet#fw4#vpn_domains
nftset=/config.telegram.com/4#inet#fw4#vpn_domains
nftset=/connect.telegram.com/4#inet#fw4#vpn_domains
nftset=/console.telegram.com/4#inet#fw4#vpn_domains
nftset=/contacts.telegram.com/4#inet#fw4#vpn_domains
nftset=/contest.com/4#inet#fw4#vpn_domains
nftset=/control-panel.telegram.com/4#inet#fw4#vpn_domains
nftset=/control.telegram.com/4#inet#fw4#vpn_domains
nftset=/controlp.telegram.com/4#inet#fw4#vpn_domains
nftset=/controlpanel.telegram.com/4#inet#fw4#vpn_domains
nftset=/copyright.telegram.com/4#inet#fw4#vpn_domains
nftset=/corporate.telegram.com/4#inet#fw4#vpn_domains
nftset=/correo.telegram.com/4#inet#fw4#vpn_domains
nftset=/costco.telegram.com/4#inet#fw4#vpn_domains
nftset=/cp.telegram.com/4#inet#fw4#vpn_domains
nftset=/cpanel.telegram.com/4#inet#fw4#vpn_domains
nftset=/cpx.telegram.com/4#inet#fw4#vpn_domains
nftset=/crm.telegram.com/4#inet#fw4#vpn_domains
nftset=/cs.telegram.com/4#inet#fw4#vpn_domains
nftset=/csc.telegram.com/4#inet#fw4#vpn_domains
nftset=/csdns01.telegram.com/4#inet#fw4#vpn_domains
nftset=/csg.telegram.com/4#inet#fw4#vpn_domains
nftset=/css.telegram.com/4#inet#fw4#vpn_domains
nftset=/csscha.telegram.com/4#inet#fw4#vpn_domains
nftset=/cssproxy.telegram.com/4#inet#fw4#vpn_domains
nftset=/customer.telegram.com/4#inet#fw4#vpn_domains
nftset=/customize.telegram.com/4#inet#fw4#vpn_domains
nftset=/cvs.telegram.com/4#inet#fw4#vpn_domains
nftset=/cvshealth.telegram.com/4#inet#fw4#vpn_domains
nftset=/dana.telegram.com/4#inet#fw4#vpn_domains
nftset=/danaher.telegram.com/4#inet#fw4#vpn_domains
nftset=/data.telegram.com/4#inet#fw4#vpn_domains
nftset=/database.telegram.com/4#inet#fw4#vpn_domains
nftset=/dave.telegram.com/4#inet#fw4#vpn_domains
nftset=/db.telegram.com/4#inet#fw4#vpn_domains
nftset=/db2.telegram.com/4#inet#fw4#vpn_domains
nftset=/dbadmin.telegram.com/4#inet#fw4#vpn_domains
nftset=/dbs.telegram.com/4#inet#fw4#vpn_domains
nftset=/dcpan.telegram.com/4#inet#fw4#vpn_domains
nftset=/deanfoods.telegram.com/4#inet#fw4#vpn_domains
nftset=/default.telegram.com/4#inet#fw4#vpn_domains
nftset=/demo1.telegram.com/4#inet#fw4#vpn_domains
nftset=/demo2.telegram.com/4#inet#fw4#vpn_domains
nftset=/demo3.telegram.com/4#inet#fw4#vpn_domains
nftset=/demon.telegram.com/4#inet#fw4#vpn_domains
nftset=/demos.telegram.com/4#inet#fw4#vpn_domains
nftset=/demostration.telegram.com/4#inet#fw4#vpn_domains
nftset=/descargas.telegram.com/4#inet#fw4#vpn_domains
nftset=/design.telegram.com/4#inet#fw4#vpn_domains
nftset=/desktop.telegram.com/4#inet#fw4#vpn_domains
nftset=/dev1.telegram.com/4#inet#fw4#vpn_domains
nftset=/dev10.telegram.com/4#inet#fw4#vpn_domains
nftset=/dev4.telegram.com/4#inet#fw4#vpn_domains
nftset=/dev7.telegram.com/4#inet#fw4#vpn_domains
nftset=/develop.telegram.com/4#inet#fw4#vpn_domains
nftset=/developers.telegram.com/4#inet#fw4#vpn_domains
nftset=/dialin.telegram.com/4#inet#fw4#vpn_domains
nftset=/diana.telegram.com/4#inet#fw4#vpn_domains
nftset=/dickssportinggoods.telegram.com/4#inet#fw4#vpn_domains
nftset=/dillards.telegram.com/4#inet#fw4#vpn_domains
nftset=/directory.telegram.com/4#inet#fw4#vpn_domains
nftset=/discoverfinancial.telegram.com/4#inet#fw4#vpn_domains
nftset=/discoverycommunications.telegram.com/4#inet#fw4#vpn_domains
nftset=/dish.telegram.com/4#inet#fw4#vpn_domains
nftset=/diversity.telegram.com/4#inet#fw4#vpn_domains
nftset=/dm.telegram.com/4#inet#fw4#vpn_domains
nftset=/dmz.telegram.com/4#inet#fw4#vpn_domains
nftset=/dns2.telegram.com/4#inet#fw4#vpn_domains
nftset=/dns3.telegram.com/4#inet#fw4#vpn_domains
nftset=/dns4.telegram.com/4#inet#fw4#vpn_domains
nftset=/dollargeneral.telegram.com/4#inet#fw4#vpn_domains
nftset=/dollartree.telegram.com/4#inet#fw4#vpn_domains
nftset=/dolphin.telegram.com/4#inet#fw4#vpn_domains
nftset=/dolphin10.telegram.com/4#inet#fw4#vpn_domains
nftset=/domain-cp.telegram.com/4#inet#fw4#vpn_domains
nftset=/domainadmin.telegram.com/4#inet#fw4#vpn_domains
nftset=/domaincontroller.telegram.com/4#inet#fw4#vpn_domains
nftset=/domaincpanel.telegram.com/4#inet#fw4#vpn_domains
nftset=/domainmanagement.telegram.com/4#inet#fw4#vpn_domains
nftset=/domcontrol.telegram.com/4#inet#fw4#vpn_domains
nftset=/domtar.telegram.com/4#inet#fw4#vpn_domains
nftset=/dotfigure.telegram.com/4#inet#fw4#vpn_domains
nftset=/dovercorporation.telegram.com/4#inet#fw4#vpn_domains
nftset=/dow.telegram.com/4#inet#fw4#vpn_domains
nftset=/dp.telegram.com/4#inet#fw4#vpn_domains
nftset=/dr.telegram.com/4#inet#fw4#vpn_domains
nftset=/drpeppersnapplegroup.telegram.com/4#inet#fw4#vpn_domains
nftset=/ds.telegram.com/4#inet#fw4#vpn_domains
nftset=/dteenergy.telegram.com/4#inet#fw4#vpn_domains
nftset=/duke-energy.telegram.com/4#inet#fw4#vpn_domains
nftset=/dupont.telegram.com/4#inet#fw4#vpn_domains
nftset=/e.telegram.com/4#inet#fw4#vpn_domains
nftset=/eaccess.telegram.com/4#inet#fw4#vpn_domains
nftset=/eadmin.telegram.com/4#inet#fw4#vpn_domains
nftset=/eastman.telegram.com/4#inet#fw4#vpn_domains
nftset=/ebay.telegram.com/4#inet#fw4#vpn_domains
nftset=/ecolab.telegram.com/4#inet#fw4#vpn_domains
nftset=/edisoninvestor.telegram.com/4#inet#fw4#vpn_domains
nftset=/edit.telegram.com/4#inet#fw4#vpn_domains
nftset=/edwardjones.telegram.com/4#inet#fw4#vpn_domains
nftset=/ektron.telegram.com/4#inet#fw4#vpn_domains
nftset=/elcompanies.telegram.com/4#inet#fw4#vpn_domains
nftset=/email.telegram.com/4#inet#fw4#vpn_domains
nftset=/emails.telegram.com/4#inet#fw4#vpn_domains
nftset=/emarketing.telegram.com/4#inet#fw4#vpn_domains
nftset=/embed.telegram.com/4#inet#fw4#vpn_domains
nftset=/embedded.telegram.com/4#inet#fw4#vpn_domains
nftset=/emcorgroup.telegram.com/4#inet#fw4#vpn_domains
nftset=/en.telegram.com/4#inet#fw4#vpn_domains
nftset=/energyfutureholdings.telegram.com/4#inet#fw4#vpn_domains
nftset=/energytransfer.telegram.com/4#inet#fw4#vpn_domains
nftset=/english.telegram.com/4#inet#fw4#vpn_domains
nftset=/entergy.telegram.com/4#inet#fw4#vpn_domains
nftset=/eogresources.telegram.com/4#inet#fw4#vpn_domains
nftset=/es.telegram.com/4#inet#fw4#vpn_domains
nftset=/essendant.telegram.com/4#inet#fw4#vpn_domains
nftset=/evhc.telegram.com/4#inet#fw4#vpn_domains
nftset=/example.telegram.com/4#inet#fw4#vpn_domains
nftset=/examples.telegram.com/4#inet#fw4#vpn_domains
nftset=/exceptionto.telegram.com/4#inet#fw4#vpn_domains
nftset=/exchange.telegram.com/4#inet#fw4#vpn_domains
nftset=/expediainc.telegram.com/4#inet#fw4#vpn_domains
nftset=/extranet.telegram.com/4#inet#fw4#vpn_domains
nftset=/exxonmobil.telegram.com/4#inet#fw4#vpn_domains
nftset=/f.telegram.com/4#inet#fw4#vpn_domains
nftset=/facebook.telegram.com/4#inet#fw4#vpn_domains
nftset=/faq.telegram.com/4#inet#fw4#vpn_domains
nftset=/faqs.telegram.com/4#inet#fw4#vpn_domains
nftset=/favorite.telegram.com/4#inet#fw4#vpn_domains
nftset=/favorites.telegram.com/4#inet#fw4#vpn_domains
nftset=/fax.telegram.com/4#inet#fw4#vpn_domains
nftset=/fb.telegram.com/4#inet#fw4#vpn_domains
nftset=/fedex.telegram.com/4#inet#fw4#vpn_domains
nftset=/feedback.telegram.com/4#inet#fw4#vpn_domains
nftset=/finance.telegram.com/4#inet#fw4#vpn_domains
nftset=/firstam.telegram.com/4#inet#fw4#vpn_domains
nftset=/fiserv.telegram.com/4#inet#fw4#vpn_domains
nftset=/fmctechnologies.telegram.com/4#inet#fw4#vpn_domains
nftset=/folders.telegram.com/4#inet#fw4#vpn_domains
nftset=/ford.telegram.com/4#inet#fw4#vpn_domains
nftset=/forms.telegram.com/4#inet#fw4#vpn_domains
nftset=/foros.telegram.com/4#inet#fw4#vpn_domains
nftset=/forum.telegram.com/4#inet#fw4#vpn_domains
nftset=/forums.telegram.com/4#inet#fw4#vpn_domains
nftset=/foto.telegram.com/4#inet#fw4#vpn_domains
nftset=/fr.telegram.com/4#inet#fw4#vpn_domains
nftset=/fragment.com/4#inet#fw4#vpn_domains
nftset=/franklinresources.telegram.com/4#inet#fw4#vpn_domains
nftset=/free.telegram.com/4#inet#fw4#vpn_domains
nftset=/frontier.telegram.com/4#inet#fw4#vpn_domains
nftset=/fs.telegram.com/4#inet#fw4#vpn_domains
nftset=/fs4.telegram.com/4#inet#fw4#vpn_domains
nftset=/ftp1.telegram.com/4#inet#fw4#vpn_domains
nftset=/ftp10.telegram.com/4#inet#fw4#vpn_domains
nftset=/ftpadmin.telegram.com/4#inet#fw4#vpn_domains
nftset=/fw.telegram.com/4#inet#fw4#vpn_domains
nftset=/g.telegram.com/4#inet#fw4#vpn_domains
nftset=/game.telegram.com/4#inet#fw4#vpn_domains
nftset=/games.telegram.com/4#inet#fw4#vpn_domains
nftset=/gamestopcorp.telegram.com/4#inet#fw4#vpn_domains
nftset=/ganymede.telegram.com/4#inet#fw4#vpn_domains
nftset=/gapinc.telegram.com/4#inet#fw4#vpn_domains
nftset=/gate.telegram.com/4#inet#fw4#vpn_domains
nftset=/gbot.integrations.telegram.org/4#inet#fw4#vpn_domains
nftset=/generaldynamics.telegram.com/4#inet#fw4#vpn_domains
nftset=/gift.telegram.com/4#inet#fw4#vpn_domains
nftset=/gilead.telegram.com/4#inet#fw4#vpn_domains
nftset=/gis.telegram.com/4#inet#fw4#vpn_domains
nftset=/global.telegram.com/4#inet#fw4#vpn_domains
nftset=/globalp.telegram.com/4#inet#fw4#vpn_domains
nftset=/gmail.telegram.com/4#inet#fw4#vpn_domains
nftset=/go.telegram.com/4#inet#fw4#vpn_domains
nftset=/goodyear.telegram.com/4#inet#fw4#vpn_domains
nftset=/google.telegram.com/4#inet#fw4#vpn_domains
nftset=/googleffffffffffa87e73.telegram.com/4#inet#fw4#vpn_domains
nftset=/goty.telegram.com/4#inet#fw4#vpn_domains
nftset=/gov.telegram.com/4#inet#fw4#vpn_domains
nftset=/graph.org/4#inet#fw4#vpn_domains
nftset=/graybar.telegram.com/4#inet#fw4#vpn_domains
nftset=/groupwise.telegram.com/4#inet#fw4#vpn_domains
nftset=/guardianlife.telegram.com/4#inet#fw4#vpn_domains
nftset=/gudhost.telegram.com/4#inet#fw4#vpn_domains
nftset=/guia.telegram.com/4#inet#fw4#vpn_domains
nftset=/guide.telegram.com/4#inet#fw4#vpn_domains
nftset=/gw1.telegram.com/4#inet#fw4#vpn_domains
nftset=/hanes.telegram.com/4#inet#fw4#vpn_domains
nftset=/harley-davidson.telegram.com/4#inet#fw4#vpn_domains
nftset=/harman.telegram.com/4#inet#fw4#vpn_domains
nftset=/harry.telegram.com/4#inet#fw4#vpn_domains
nftset=/hbadmin.telegram.com/4#inet#fw4#vpn_domains
nftset=/hcahealthcare.telegram.com/4#inet#fw4#vpn_domains
nftset=/hcp.telegram.com/4#inet#fw4#vpn_domains
nftset=/health.telegram.com/4#inet#fw4#vpn_domains
nftset=/help.telegram.com/4#inet#fw4#vpn_domains
nftset=/henryschein.telegram.com/4#inet#fw4#vpn_domains
nftset=/heracles.telegram.com/4#inet#fw4#vpn_domains
nftset=/hercules.telegram.com/4#inet#fw4#vpn_domains
nftset=/hermes.telegram.com/4#inet#fw4#vpn_domains
nftset=/hertz.telegram.com/4#inet#fw4#vpn_domains
nftset=/history.telegram.com/4#inet#fw4#vpn_domains
nftset=/holding.telegram.com/4#inet#fw4#vpn_domains
nftset=/hollyfrontier.telegram.com/4#inet#fw4#vpn_domains
nftset=/home.telegram.com/4#inet#fw4#vpn_domains
nftset=/honeywell.telegram.com/4#inet#fw4#vpn_domains
nftset=/host.telegram.com/4#inet#fw4#vpn_domains
nftset=/host2.telegram.com/4#inet#fw4#vpn_domains
nftset=/hosted.telegram.com/4#inet#fw4#vpn_domains
nftset=/hosthotels.telegram.com/4#inet#fw4#vpn_domains
nftset=/hosting.telegram.com/4#inet#fw4#vpn_domains
nftset=/hostingcontrolpanel.telegram.com/4#inet#fw4#vpn_domains
nftset=/hostingcp.telegram.com/4#inet#fw4#vpn_domains
nftset=/hostmaster.telegram.com/4#inet#fw4#vpn_domains
nftset=/hp.telegram.com/4#inet#fw4#vpn_domains
nftset=/hq.telegram.com/4#inet#fw4#vpn_domains
nftset=/hr.telegram.com/4#inet#fw4#vpn_domains
nftset=/hub.telegram.com/4#inet#fw4#vpn_domains
nftset=/humana.telegram.com/4#inet#fw4#vpn_domains
nftset=/i.telegram.com/4#inet#fw4#vpn_domains
nftset=/ibm.telegram.com/4#inet#fw4#vpn_domains
nftset=/ielp.telegram.com/4#inet#fw4#vpn_domains
nftset=/iheartmedia.telegram.com/4#inet#fw4#vpn_domains
nftset=/images1.telegram.com/4#inet#fw4#vpn_domains
nftset=/images3.telegram.com/4#inet#fw4#vpn_domains
nftset=/images4.telegram.com/4#inet#fw4#vpn_domains
nftset=/imail.telegram.com/4#inet#fw4#vpn_domains
nftset=/imap.telegram.com/4#inet#fw4#vpn_domains
nftset=/imap3.telegram.com/4#inet#fw4#vpn_domains
nftset=/img2.telegram.com/4#inet#fw4#vpn_domains
nftset=/img3.telegram.com/4#inet#fw4#vpn_domains
nftset=/imgs.telegram.com/4#inet#fw4#vpn_domains
nftset=/in.telegram.com/4#inet#fw4#vpn_domains
nftset=/inbox.telegram.com/4#inet#fw4#vpn_domains
nftset=/info.telegram.com/4#inet#fw4#vpn_domains
nftset=/ingrammicro.telegram.com/4#inet#fw4#vpn_domains
nftset=/ingredion.telegram.com/4#inet#fw4#vpn_domains
nftset=/instacontrol.telegram.com/4#inet#fw4#vpn_domains
nftset=/instamail.telegram.com/4#inet#fw4#vpn_domains
nftset=/intensivemail.telegram.com/4#inet#fw4#vpn_domains
nftset=/internal.telegram.com/4#inet#fw4#vpn_domains
nftset=/internationalpaper.telegram.com/4#inet#fw4#vpn_domains
nftset=/intranet.telegram.com/4#inet#fw4#vpn_domains
nftset=/invoice.telegram.com/4#inet#fw4#vpn_domains
nftset=/ip.telegram.com/4#inet#fw4#vpn_domains
nftset=/ipsec.telegram.com/4#inet#fw4#vpn_domains
nftset=/ipv4.telegram.com/4#inet#fw4#vpn_domains
nftset=/irc.telegram.com/4#inet#fw4#vpn_domains
nftset=/iris.telegram.com/4#inet#fw4#vpn_domains
nftset=/is.telegram.com/4#inet#fw4#vpn_domains
nftset=/isa.telegram.com/4#inet#fw4#vpn_domains
nftset=/it.telegram.com/4#inet#fw4#vpn_domains
nftset=/itw.telegram.com/4#inet#fw4#vpn_domains
nftset=/j.telegram.com/4#inet#fw4#vpn_domains
nftset=/jacobs.telegram.com/4#inet#fw4#vpn_domains
nftset=/jbhunt.telegram.com/4#inet#fw4#vpn_domains
nftset=/jboss.telegram.com/4#inet#fw4#vpn_domains
nftset=/jboss2.telegram.com/4#inet#fw4#vpn_domains
nftset=/jll.telegram.com/4#inet#fw4#vpn_domains
nftset=/jobs.telegram.com/4#inet#fw4#vpn_domains
nftset=/john.telegram.com/4#inet#fw4#vpn_domains
nftset=/johnsoncontrols.telegram.com/4#inet#fw4#vpn_domains
nftset=/jpmorganchase.telegram.com/4#inet#fw4#vpn_domains
nftset=/jschart.usercontent.dev/4#inet#fw4#vpn_domains
nftset=/jupiter.telegram.com/4#inet#fw4#vpn_domains
nftset=/kb.telegram.com/4#inet#fw4#vpn_domains
nftset=/kindermorgan.telegram.com/4#inet#fw4#vpn_domains
nftset=/kkr.telegram.com/4#inet#fw4#vpn_domains
nftset=/knowledgebase.telegram.com/4#inet#fw4#vpn_domains
nftset=/l.telegram.com/4#inet#fw4#vpn_domains
nftset=/la.telegram.com/4#inet#fw4#vpn_domains
nftset=/laboratorio.telegram.com/4#inet#fw4#vpn_domains
nftset=/landolakesinc.telegram.com/4#inet#fw4#vpn_domains
nftset=/lansingtradegroup.telegram.com/4#inet#fw4#vpn_domains
nftset=/ldap.telegram.com/4#inet#fw4#vpn_domains
nftset=/lear.telegram.com/4#inet#fw4#vpn_domains
nftset=/learn.telegram.com/4#inet#fw4#vpn_domains
nftset=/leeds.telegram.com/4#inet#fw4#vpn_domains
nftset=/legacy.telegram.com/4#inet#fw4#vpn_domains
nftset=/lennar.telegram.com/4#inet#fw4#vpn_domains
nftset=/leucadia.telegram.com/4#inet#fw4#vpn_domains
nftset=/lfg.telegram.com/4#inet#fw4#vpn_domains
nftset=/lib.telegram.com/4#inet#fw4#vpn_domains
nftset=/libertyinteractive.telegram.com/4#inet#fw4#vpn_domains
nftset=/lilly.telegram.com/4#inet#fw4#vpn_domains
nftset=/links.telegram.com/4#inet#fw4#vpn_domains
nftset=/live.telegram.com/4#inet#fw4#vpn_domains
nftset=/liverpool.telegram.com/4#inet#fw4#vpn_domains
nftset=/livestats.telegram.com/4#inet#fw4#vpn_domains
nftset=/local.telegram.com/4#inet#fw4#vpn_domains
nftset=/localhost.telegram.com/4#inet#fw4#vpn_domains
nftset=/lockheedmartin.telegram.com/4#inet#fw4#vpn_domains
nftset=/loews.telegram.com/4#inet#fw4#vpn_domains
nftset=/loghost.telegram.com/4#inet#fw4#vpn_domains
nftset=/login.telegram.com/4#inet#fw4#vpn_domains
nftset=/logon.telegram.com/4#inet#fw4#vpn_domains
nftset=/london.telegram.com/4#inet#fw4#vpn_domains
nftset=/lp.telegram.com/4#inet#fw4#vpn_domains
nftset=/lync.telegram.com/4#inet#fw4#vpn_domains
nftset=/m1.telegram.com/4#inet#fw4#vpn_domains
nftset=/m2.telegram.com/4#inet#fw4#vpn_domains
nftset=/macupdates.telegram.org/4#inet#fw4#vpn_domains
nftset=/magazine.telegram.com/4#inet#fw4#vpn_domains
nftset=/mahara.telegram.com/4#inet#fw4#vpn_domains
nftset=/mail.tdesktop.com/4#inet#fw4#vpn_domains
nftset=/mail.telegram.com/4#inet#fw4#vpn_domains
nftset=/mail.telegram.org/4#inet#fw4#vpn_domains
nftset=/mail0.telegram.com/4#inet#fw4#vpn_domains
nftset=/mail1.telegram.com/4#inet#fw4#vpn_domains
nftset=/mail10.telegram.com/4#inet#fw4#vpn_domains
nftset=/mail11.telegram.com/4#inet#fw4#vpn_domains
nftset=/mail2.telegram.com/4#inet#fw4#vpn_domains
nftset=/mail5.telegram.com/4#inet#fw4#vpn_domains
nftset=/mail9.telegram.com/4#inet#fw4#vpn_domains
nftset=/mailbackup.telegram.com/4#inet#fw4#vpn_domains
nftset=/mailcontrol.telegram.com/4#inet#fw4#vpn_domains
nftset=/mailer.telegram.com/4#inet#fw4#vpn_domains
nftset=/mailgate.telegram.com/4#inet#fw4#vpn_domains
nftset=/mailgate2.telegram.com/4#inet#fw4#vpn_domains
nftset=/mailhost.telegram.com/4#inet#fw4#vpn_domains
nftset=/mailing.telegram.com/4#inet#fw4#vpn_domains
nftset=/mailman.telegram.com/4#inet#fw4#vpn_domains
nftset=/mailrelay.telegram.com/4#inet#fw4#vpn_domains
nftset=/mailserver.telegram.com/4#inet#fw4#vpn_domains
nftset=/mailtest.telegram.com/4#inet#fw4#vpn_domains
nftset=/manage-ds.telegram.com/4#inet#fw4#vpn_domains
nftset=/managehosting.telegram.com/4#inet#fw4#vpn_domains
nftset=/managevps.telegram.com/4#inet#fw4#vpn_domains
nftset=/manageyourdomain.telegram.com/4#inet#fw4#vpn_domains
nftset=/manchester.telegram.com/4#inet#fw4#vpn_domains
nftset=/maps.telegram.com/4#inet#fw4#vpn_domains
nftset=/marathonpetroleum.telegram.com/4#inet#fw4#vpn_domains
nftset=/mark.telegram.com/4#inet#fw4#vpn_domains
nftset=/markelcorp.telegram.com/4#inet#fw4#vpn_domains
nftset=/marketing.telegram.com/4#inet#fw4#vpn_domains
nftset=/masco.telegram.com/4#inet#fw4#vpn_domains
nftset=/master.telegram.com/4#inet#fw4#vpn_domains
nftset=/matrixstats.telegram.com/4#inet#fw4#vpn_domains
nftset=/mc.telegram.com/4#inet#fw4#vpn_domains
nftset=/mckesson.telegram.com/4#inet#fw4#vpn_domains
nftset=/mcp.telegram.com/4#inet#fw4#vpn_domains
nftset=/media.telegram.com/4#inet#fw4#vpn_domains
nftset=/merck.telegram.com/4#inet#fw4#vpn_domains
nftset=/messages.telegram.com/4#inet#fw4#vpn_domains
nftset=/meta01.telegram.com/4#inet#fw4#vpn_domains
nftset=/meta02.telegram.com/4#inet#fw4#vpn_domains
nftset=/meta1.telegram.com/4#inet#fw4#vpn_domains
nftset=/meta3.telegram.com/4#inet#fw4#vpn_domains
nftset=/metlife.telegram.com/4#inet#fw4#vpn_domains
nftset=/micron.telegram.com/4#inet#fw4#vpn_domains
nftset=/microsoft.telegram.com/4#inet#fw4#vpn_domains
nftset=/minerva.telegram.com/4#inet#fw4#vpn_domains
nftset=/mm.telegram.com/4#inet#fw4#vpn_domains
nftset=/mobil.telegram.com/4#inet#fw4#vpn_domains
nftset=/modify.telegram.com/4#inet#fw4#vpn_domains
nftset=/mohawkind.telegram.com/4#inet#fw4#vpn_domains
nftset=/molinahealthcare.telegram.com/4#inet#fw4#vpn_domains
nftset=/monitoring.telegram.com/4#inet#fw4#vpn_domains
nftset=/mosaicco.telegram.com/4#inet#fw4#vpn_domains
nftset=/motorolasolutions.telegram.com/4#inet#fw4#vpn_domains
nftset=/mrtg.telegram.com/4#inet#fw4#vpn_domains
nftset=/ms.telegram.com/4#inet#fw4#vpn_domains
nftset=/mssql1.telegram.com/4#inet#fw4#vpn_domains
nftset=/mssql2.telegram.com/4#inet#fw4#vpn_domains
nftset=/mssql5.telegram.com/4#inet#fw4#vpn_domains
nftset=/mssql8.telegram.com/4#inet#fw4#vpn_domains
nftset=/mssqlint.telegram.com/4#inet#fw4#vpn_domains
nftset=/munin.telegram.com/4#inet#fw4#vpn_domains
nftset=/murphyusa.telegram.com/4#inet#fw4#vpn_domains
nftset=/music.telegram.com/4#inet#fw4#vpn_domains
nftset=/mx-b.telegram.com/4#inet#fw4#vpn_domains
nftset=/mx.telegram.com/4#inet#fw4#vpn_domains
nftset=/mx1.telegram.org/4#inet#fw4#vpn_domains
nftset=/mx10.telegram.org/4#inet#fw4#vpn_domains
nftset=/mx101.telegram.org/4#inet#fw4#vpn_domains
nftset=/mx110.telegram.org/4#inet#fw4#vpn_domains
nftset=/mx2.telegram.org/4#inet#fw4#vpn_domains
nftset=/mx3.telegram.com/4#inet#fw4#vpn_domains
nftset=/my.telegram.com/4#inet#fw4#vpn_domains
nftset=/mycpanel.telegram.com/4#inet#fw4#vpn_domains
nftset=/mydomain.telegram.com/4#inet#fw4#vpn_domains
nftset=/mysite.telegram.com/4#inet#fw4#vpn_domains
nftset=/mysql3.telegram.com/4#inet#fw4#vpn_domains
nftset=/mysql4.telegram.com/4#inet#fw4#vpn_domains
nftset=/mysql5.telegram.com/4#inet#fw4#vpn_domains
nftset=/mysql6.telegram.com/4#inet#fw4#vpn_domains
nftset=/mysqladmin.telegram.com/4#inet#fw4#vpn_domains
nftset=/mywebmail.telegram.com/4#inet#fw4#vpn_domains
nftset=/n.telegram.com/4#inet#fw4#vpn_domains
nftset=/navistar.telegram.com/4#inet#fw4#vpn_domains
nftset=/nelson.telegram.com/4#inet#fw4#vpn_domains
nftset=/neon.telegram.com/4#inet#fw4#vpn_domains
nftset=/net.telegram.com/4#inet#fw4#vpn_domains
nftset=/netcom-gw.telegram.com/4#inet#fw4#vpn_domains
nftset=/netflix.telegram.com/4#inet#fw4#vpn_domains
nftset=/network.telegram.com/4#inet#fw4#vpn_domains
nftset=/networks.telegram.com/4#inet#fw4#vpn_domains
nftset=/newmail.telegram.com/4#inet#fw4#vpn_domains
nftset=/newscorp.telegram.com/4#inet#fw4#vpn_domains
nftset=/newsgroups.telegram.com/4#inet#fw4#vpn_domains
nftset=/newsite.telegram.com/4#inet#fw4#vpn_domains
nftset=/nexteraenergy.telegram.com/4#inet#fw4#vpn_domains
nftset=/nglenergypartners.telegram.com/4#inet#fw4#vpn_domains
nftset=/nike.telegram.com/4#inet#fw4#vpn_domains
nftset=/nisource.telegram.com/4#inet#fw4#vpn_domains
nftset=/nl.telegram.com/4#inet#fw4#vpn_domains
nftset=/northropgrumman.telegram.com/4#inet#fw4#vpn_domains
nftset=/nov.telegram.com/4#inet#fw4#vpn_domains
nftset=/nrgenergy.telegram.com/4#inet#fw4#vpn_domains
nftset=/ns.telegram.com/4#inet#fw4#vpn_domains
nftset=/ns0.telegram.com/4#inet#fw4#vpn_domains
nftset=/ns01.telegram.com/4#inet#fw4#vpn_domains
nftset=/ns02.telegram.com/4#inet#fw4#vpn_domains
nftset=/ns1.telegram.com/4#inet#fw4#vpn_domains
nftset=/ns10.telegram.com/4#inet#fw4#vpn_domains
nftset=/ns11.telegram.com/4#inet#fw4#vpn_domains
nftset=/ns3.telegram.com/4#inet#fw4#vpn_domains
nftset=/ns4.telegram.com/4#inet#fw4#vpn_domains
nftset=/ns55.telegram.com/4#inet#fw4#vpn_domains
nftset=/ns7.telegram.com/4#inet#fw4#vpn_domains
nftset=/ns77.telegram.com/4#inet#fw4#vpn_domains
nftset=/ns8.telegram.com/4#inet#fw4#vpn_domains
nftset=/ns80.telegram.com/4#inet#fw4#vpn_domains
nftset=/nscorp.telegram.com/4#inet#fw4#vpn_domains
nftset=/ntp.telegram.com/4#inet#fw4#vpn_domains
nftset=/ntp2.telegram.com/4#inet#fw4#vpn_domains
nftset=/nvrinc.telegram.com/4#inet#fw4#vpn_domains
nftset=/o.telegram.com/4#inet#fw4#vpn_domains
nftset=/offers.telegram.com/4#inet#fw4#vpn_domains
nftset=/official.telegram.com/4#inet#fw4#vpn_domains
nftset=/old-www.telegram.com/4#inet#fw4#vpn_domains
nftset=/old.telegram.com/4#inet#fw4#vpn_domains
nftset=/oldrepublic.telegram.com/4#inet#fw4#vpn_domains
nftset=/omnicomgroup.telegram.com/4#inet#fw4#vpn_domains
nftset=/on.telegram.com/4#inet#fw4#vpn_domains
nftset=/oneok.telegram.com/4#inet#fw4#vpn_domains
nftset=/online.telegram.com/4#inet#fw4#vpn_domains
nftset=/onlinemail.telegram.com/4#inet#fw4#vpn_domains
nftset=/operations.telegram.com/4#inet#fw4#vpn_domains
nftset=/ora.telegram.com/4#inet#fw4#vpn_domains
nftset=/orders.telegram.com/4#inet#fw4#vpn_domains
nftset=/orion.telegram.com/4#inet#fw4#vpn_domains
nftset=/os.telegram.com/4#inet#fw4#vpn_domains
nftset=/oshkoshcorporation.telegram.com/4#inet#fw4#vpn_domains
nftset=/osx.telegram.org/4#inet#fw4#vpn_domains
nftset=/ou.telegram.com/4#inet#fw4#vpn_domains
nftset=/owncloud.telegram.com/4#inet#fw4#vpn_domains
nftset=/ox.telegram.com/4#inet#fw4#vpn_domains
nftset=/oxy.telegram.com/4#inet#fw4#vpn_domains
nftset=/paccar.telegram.com/4#inet#fw4#vpn_domains
nftset=/pages.telegram.com/4#inet#fw4#vpn_domains
nftset=/painel.telegram.com/4#inet#fw4#vpn_domains
nftset=/paul.telegram.com/4#inet#fw4#vpn_domains
nftset=/payment.telegram.com/4#inet#fw4#vpn_domains
nftset=/paypal.telegram.com/4#inet#fw4#vpn_domains
nftset=/pda.telegram.com/4#inet#fw4#vpn_domains
nftset=/pdf.telegram.com/4#inet#fw4#vpn_domains
nftset=/peabodyenergy.telegram.com/4#inet#fw4#vpn_domains
nftset=/penskeautomotive.telegram.com/4#inet#fw4#vpn_domains
nftset=/pfgc.telegram.com/4#inet#fw4#vpn_domains
nftset=/pg.telegram.com/4#inet#fw4#vpn_domains
nftset=/pge.telegram.com/4#inet#fw4#vpn_domains
nftset=/phillips66.telegram.com/4#inet#fw4#vpn_domains
nftset=/phoenix.telegram.com/4#inet#fw4#vpn_domains
nftset=/phones.telegram.com/4#inet#fw4#vpn_domains
nftset=/photography.telegram.com/4#inet#fw4#vpn_domains
nftset=/php.telegram.com/4#inet#fw4#vpn_domains
nftset=/phpmyadmin.telegram.com/4#inet#fw4#vpn_domains
nftset=/pi.telegram.com/4#inet#fw4#vpn_domains
nftset=/pics.telegram.com/4#inet#fw4#vpn_domains
nftset=/picture.telegram.com/4#inet#fw4#vpn_domains
nftset=/pictures.telegram.com/4#inet#fw4#vpn_domains
nftset=/ping0.telegram.com/4#inet#fw4#vpn_domains
nftset=/plainsallamerican.telegram.com/4#inet#fw4#vpn_domains
nftset=/poczta.telegram.com/4#inet#fw4#vpn_domains
nftset=/pop.telegram.com/4#inet#fw4#vpn_domains
nftset=/popwebmail.telegram.com/4#inet#fw4#vpn_domains
nftset=/portfolio.telegram.com/4#inet#fw4#vpn_domains
nftset=/postgresql.telegram.com/4#inet#fw4#vpn_domains
nftset=/pplweb.telegram.com/4#inet#fw4#vpn_domains
nftset=/ppp.telegram.com/4#inet#fw4#vpn_domains
nftset=/pr.telegram.com/4#inet#fw4#vpn_domains
nftset=/pre-prod.telegram.com/4#inet#fw4#vpn_domains
nftset=/precast.telegram.com/4#inet#fw4#vpn_domains
nftset=/preprod.telegram.com/4#inet#fw4#vpn_domains
nftset=/preview.telegram.com/4#inet#fw4#vpn_domains
nftset=/pricelinegroup.telegram.com/4#inet#fw4#vpn_domains
nftset=/private.telegram.com/4#inet#fw4#vpn_domains
nftset=/pro.telegram.com/4#inet#fw4#vpn_domains
nftset=/production.telegram.com/4#inet#fw4#vpn_domains
nftset=/products.telegram.com/4#inet#fw4#vpn_domains
nftset=/profile.telegram.com/4#inet#fw4#vpn_domains
nftset=/promedia.telegram.com/4#inet#fw4#vpn_domains
nftset=/proton-multi.telegram.com/4#inet#fw4#vpn_domains
nftset=/proton.telegram.com/4#inet#fw4#vpn_domains
nftset=/prudential.telegram.com/4#inet#fw4#vpn_domains
nftset=/pruebas.telegram.com/4#inet#fw4#vpn_domains
nftset=/pseg.telegram.com/4#inet#fw4#vpn_domains
nftset=/publix.telegram.com/4#inet#fw4#vpn_domains
nftset=/pultegroupinc.telegram.com/4#inet#fw4#vpn_domains
nftset=/qa.telegram.com/4#inet#fw4#vpn_domains
nftset=/quantaservices.telegram.com/4#inet#fw4#vpn_domains
nftset=/questdiagnostics.telegram.com/4#inet#fw4#vpn_domains
nftset=/quiz.directory/4#inet#fw4#vpn_domains
nftset=/r.telegram.com/4#inet#fw4#vpn_domains
nftset=/ras.telegram.com/4#inet#fw4#vpn_domains
nftset=/raytheon.telegram.com/4#inet#fw4#vpn_domains
nftset=/rdp.telegram.com/4#inet#fw4#vpn_domains
nftset=/rds.telegram.com/4#inet#fw4#vpn_domains
nftset=/realogy.telegram.com/4#inet#fw4#vpn_domains
nftset=/red.telegram.com/4#inet#fw4#vpn_domains
nftset=/regions.telegram.com/4#inet#fw4#vpn_domains
nftset=/relay.telegram.com/4#inet#fw4#vpn_domains
nftset=/remote1.telegram.com/4#inet#fw4#vpn_domains
nftset=/remote2.telegram.com/4#inet#fw4#vpn_domains
nftset=/repo.telegram.com/4#inet#fw4#vpn_domains
nftset=/report.telegram.com/4#inet#fw4#vpn_domains
nftset=/reporting.telegram.com/4#inet#fw4#vpn_domains
nftset=/repos.telegram.com/4#inet#fw4#vpn_domains
nftset=/republicservices.telegram.com/4#inet#fw4#vpn_domains
nftset=/research.telegram.com/4#inet#fw4#vpn_domains
nftset=/reseller.telegram.com/4#inet#fw4#vpn_domains
nftset=/resp.telegram.com/4#inet#fw4#vpn_domains
nftset=/reynoldsamerican.telegram.com/4#inet#fw4#vpn_domains
nftset=/rockwellcollins.telegram.com/4#inet#fw4#vpn_domains
nftset=/roundcube.telegram.com/4#inet#fw4#vpn_domains
nftset=/router.telegram.com/4#inet#fw4#vpn_domains
nftset=/rs.telegram.com/4#inet#fw4#vpn_domains
nftset=/rs1.telegram.com/4#inet#fw4#vpn_domains
nftset=/rtmp.telegram.com/4#inet#fw4#vpn_domains
nftset=/ryder.telegram.com/4#inet#fw4#vpn_domains
nftset=/s2.telegram.com/4#inet#fw4#vpn_domains
nftset=/s4.telegram.com/4#inet#fw4#vpn_domains
nftset=/sa.telegram.com/4#inet#fw4#vpn_domains
nftset=/sage.telegram.com/4#inet#fw4#vpn_domains
nftset=/salesforce.telegram.com/4#inet#fw4#vpn_domains
nftset=/sandbox.telegram.com/4#inet#fw4#vpn_domains
nftset=/sandisk.telegram.com/4#inet#fw4#vpn_domains
nftset=/sands.telegram.com/4#inet#fw4#vpn_domains
nftset=/sanmina.telegram.com/4#inet#fw4#vpn_domains
nftset=/saturn.telegram.com/4#inet#fw4#vpn_domains
nftset=/sc.telegram.com/4#inet#fw4#vpn_domains
nftset=/schools.telegram.com/4#inet#fw4#vpn_domains
nftset=/seaboardcorp.telegram.com/4#inet#fw4#vpn_domains
nftset=/secure.telegram.com/4#inet#fw4#vpn_domains
nftset=/selfservice.telegram.com/4#inet#fw4#vpn_domains
nftset=/server.telegram.com/4#inet#fw4#vpn_domains
nftset=/server01.telegram.com/4#inet#fw4#vpn_domains
nftset=/server3.telegram.com/4#inet#fw4#vpn_domains
nftset=/server4.telegram.com/4#inet#fw4#vpn_domains
nftset=/service.telegram.com/4#inet#fw4#vpn_domains
nftset=/settings.telegram.com/4#inet#fw4#vpn_domains
nftset=/setup.telegram.com/4#inet#fw4#vpn_domains
nftset=/sftp.telegram.com/4#inet#fw4#vpn_domains
nftset=/share.telegram.com/4#inet#fw4#vpn_domains
nftset=/shell.telegram.com/4#inet#fw4#vpn_domains
nftset=/signup.telegram.com/4#inet#fw4#vpn_domains
nftset=/sip.telegram.com/4#inet#fw4#vpn_domains
nftset=/site.telegram.com/4#inet#fw4#vpn_domains
nftset=/siteadmin.telegram.com/4#inet#fw4#vpn_domains
nftset=/sitebuilder.telegram.com/4#inet#fw4#vpn_domains
nftset=/sitemap.telegram.com/4#inet#fw4#vpn_domains
nftset=/skype.telegram.com/4#inet#fw4#vpn_domains
nftset=/slb.telegram.com/4#inet#fw4#vpn_domains
nftset=/sm.telegram.com/4#inet#fw4#vpn_domains
nftset=/smtp3.telegram.com/4#inet#fw4#vpn_domains
nftset=/smtpout.telegram.com/4#inet#fw4#vpn_domains
nftset=/snmp.telegram.com/4#inet#fw4#vpn_domains
nftset=/software.telegram.com/4#inet#fw4#vpn_domains
nftset=/sonicautomotive.telegram.com/4#inet#fw4#vpn_domains
nftset=/southwest.telegram.com/4#inet#fw4#vpn_domains
nftset=/spam.telegram.com/4#inet#fw4#vpn_domains
nftset=/spamfilter.telegram.com/4#inet#fw4#vpn_domains
nftset=/speedtest.telegram.com/4#inet#fw4#vpn_domains
nftset=/spiritaero.telegram.com/4#inet#fw4#vpn_domains
nftset=/ssl.telegram.com/4#inet#fw4#vpn_domains
nftset=/sso.telegram.com/4#inet#fw4#vpn_domains
nftset=/staff.telegram.com/4#inet#fw4#vpn_domains
nftset=/staging.telegram.com/4#inet#fw4#vpn_domains
nftset=/staples.telegram.com/4#inet#fw4#vpn_domains
nftset=/start.telegram.com/4#inet#fw4#vpn_domains
nftset=/starwoodhotels.telegram.com/4#inet#fw4#vpn_domains
nftset=/statestreet.telegram.com/4#inet#fw4#vpn_domains
nftset=/static.telegram.com/4#inet#fw4#vpn_domains
nftset=/static2.telegram.com/4#inet#fw4#vpn_domains
nftset=/statistics.telegram.com/4#inet#fw4#vpn_domains
nftset=/stats.telegram.com/4#inet#fw4#vpn_domains
nftset=/steeldynamics.telegram.com/4#inet#fw4#vpn_domains
nftset=/storage.telegram.com/4#inet#fw4#vpn_domains
nftset=/store.telegram.com/4#inet#fw4#vpn_domains
nftset=/stream.telegram.com/4#inet#fw4#vpn_domains
nftset=/streaming.telegram.com/4#inet#fw4#vpn_domains
nftset=/sts.telegram.com/4#inet#fw4#vpn_domains
nftset=/students.telegram.com/4#inet#fw4#vpn_domains
nftset=/studio.telegram.com/4#inet#fw4#vpn_domains
nftset=/styles.telegram.com/4#inet#fw4#vpn_domains
nftset=/sub.telegram.com/4#inet#fw4#vpn_domains
nftset=/subdomain.telegram.com/4#inet#fw4#vpn_domains
nftset=/sugar.telegram.com/4#inet#fw4#vpn_domains
nftset=/sun.telegram.com/4#inet#fw4#vpn_domains
nftset=/supervalu.telegram.com/4#inet#fw4#vpn_domains
nftset=/support2.telegram.com/4#inet#fw4#vpn_domains
nftset=/surveys.telegram.com/4#inet#fw4#vpn_domains
nftset=/sv.telegram.com/4#inet#fw4#vpn_domains
nftset=/syn.telegram.com/4#inet#fw4#vpn_domains
nftset=/sync.telegram.com/4#inet#fw4#vpn_domains
nftset=/synnex.telegram.com/4#inet#fw4#vpn_domains
nftset=/sysco.telegram.com/4#inet#fw4#vpn_domains
nftset=/t.me/4#inet#fw4#vpn_domains
nftset=/targaresources.telegram.com/4#inet#fw4#vpn_domains
nftset=/tdesktop.com/4#inet#fw4#vpn_domains
nftset=/team.telegram.com/4#inet#fw4#vpn_domains
nftset=/teams.telegram.com/4#inet#fw4#vpn_domains
nftset=/techdata.telegram.com/4#inet#fw4#vpn_domains
nftset=/telega.one/4#inet#fw4#vpn_domains
nftset=/telegra.ph/4#inet#fw4#vpn_domains
nftset=/telegram-cdn.org/4#inet#fw4#vpn_domains
nftset=/telegram.dog/4#inet#fw4#vpn_domains
nftset=/telegram.me/4#inet#fw4#vpn_domains
nftset=/telegram.org/4#inet#fw4#vpn_domains
nftset=/telegram.space/4#inet#fw4#vpn_domains
nftset=/telesco.pe/4#inet#fw4#vpn_domains
nftset=/temp.telegram.com/4#inet#fw4#vpn_domains
nftset=/tenethealth.telegram.com/4#inet#fw4#vpn_domains
nftset=/tenneco.telegram.com/4#inet#fw4#vpn_domains
nftset=/terminal.telegram.com/4#inet#fw4#vpn_domains
nftset=/termsofservice.telegram.com/4#inet#fw4#vpn_domains
nftset=/test.telegram.com/4#inet#fw4#vpn_domains
nftset=/test1.telegram.com/4#inet#fw4#vpn_domains
nftset=/test10.telegram.com/4#inet#fw4#vpn_domains
nftset=/test3.telegram.com/4#inet#fw4#vpn_domains
nftset=/testsite.telegram.com/4#inet#fw4#vpn_domains
nftset=/testweb.telegram.com/4#inet#fw4#vpn_domains
nftset=/tg.dev/4#inet#fw4#vpn_domains
nftset=/thermofisher.telegram.com/4#inet#fw4#vpn_domains
nftset=/thor.telegram.com/4#inet#fw4#vpn_domains
nftset=/tiaa.telegram.com/4#inet#fw4#vpn_domains
nftset=/ticket.telegram.com/4#inet#fw4#vpn_domains
nftset=/tiger.telegram.com/4#inet#fw4#vpn_domains
nftset=/timesheet.telegram.com/4#inet#fw4#vpn_domains
nftset=/timewarner.telegram.com/4#inet#fw4#vpn_domains
nftset=/titan.telegram.com/4#inet#fw4#vpn_domains
nftset=/tjx.telegram.com/4#inet#fw4#vpn_domains
nftset=/tms.telegram.com/4#inet#fw4#vpn_domains
nftset=/tools.telegram.com/4#inet#fw4#vpn_domains
nftset=/tos.telegram.com/4#inet#fw4#vpn_domains
nftset=/track.telegram.com/4#inet#fw4#vpn_domains
nftset=/tracker.telegram.com/4#inet#fw4#vpn_domains
nftset=/training.telegram.com/4#inet#fw4#vpn_domains
nftset=/travel.telegram.com/4#inet#fw4#vpn_domains
nftset=/trin.telegram.com/4#inet#fw4#vpn_domains
nftset=/ts.telegram.com/4#inet#fw4#vpn_domains
nftset=/tsocorp.telegram.com/4#inet#fw4#vpn_domains
nftset=/tumblr.telegram.com/4#inet#fw4#vpn_domains
nftset=/tutorials.telegram.com/4#inet#fw4#vpn_domains
nftset=/tv.telegram.com/4#inet#fw4#vpn_domains
nftset=/twc.telegram.com/4#inet#fw4#vpn_domains
nftset=/two.telegram.com/4#inet#fw4#vpn_domains
nftset=/tx.me/4#inet#fw4#vpn_domains
nftset=/tysonfoods.telegram.com/4#inet#fw4#vpn_domains
nftset=/uat.telegram.com/4#inet#fw4#vpn_domains
nftset=/uhsinc.telegram.com/4#inet#fw4#vpn_domains
nftset=/unitedcontinentalholdings.telegram.com/4#inet#fw4#vpn_domains
nftset=/unitedhealthgroup.telegram.com/4#inet#fw4#vpn_domains
nftset=/unitedrentals.telegram.com/4#inet#fw4#vpn_domains
nftset=/unix.telegram.com/4#inet#fw4#vpn_domains
nftset=/unum.telegram.com/4#inet#fw4#vpn_domains
nftset=/up.telegram.com/4#inet#fw4#vpn_domains
nftset=/update.telegram.com/4#inet#fw4#vpn_domains
nftset=/updates.tdesktop.com/4#inet#fw4#vpn_domains
nftset=/upgrades.telegram.com/4#inet#fw4#vpn_domains
nftset=/upload.telegram.com/4#inet#fw4#vpn_domains
nftset=/ups.telegram.com/4#inet#fw4#vpn_domains
nftset=/us.telegram.com/4#inet#fw4#vpn_domains
nftset=/user.telegram.com/4#inet#fw4#vpn_domains
nftset=/usercontent.dev/4#inet#fw4#vpn_domains
nftset=/username.telegram.com/4#inet#fw4#vpn_domains
nftset=/usernames.telegram.com/4#inet#fw4#vpn_domains
nftset=/users.telegram.com/4#inet#fw4#vpn_domains
nftset=/v.telegram.com/4#inet#fw4#vpn_domains
nftset=/v2.telegram.com/4#inet#fw4#vpn_domains
nftset=/vc.telegram.com/4#inet#fw4#vpn_domains
nftset=/vdi.telegram.com/4#inet#fw4#vpn_domains
nftset=/ventas.telegram.com/4#inet#fw4#vpn_domains
nftset=/veritivcorp.telegram.com/4#inet#fw4#vpn_domains
nftset=/verizon.telegram.com/4#inet#fw4#vpn_domains
nftset=/viacom.telegram.com/4#inet#fw4#vpn_domains
nftset=/video.telegram.com/4#inet#fw4#vpn_domains
nftset=/vip.telegram.com/4#inet#fw4#vpn_domains
nftset=/vista.telegram.com/4#inet#fw4#vpn_domains
nftset=/vm.telegram.com/4#inet#fw4#vpn_domains
nftset=/vmware.telegram.com/4#inet#fw4#vpn_domains
nftset=/vnc.telegram.com/4#inet#fw4#vpn_domains
nftset=/vod.telegram.com/4#inet#fw4#vpn_domains
nftset=/volunteer.telegram.com/4#inet#fw4#vpn_domains
nftset=/vpn3.telegram.com/4#inet#fw4#vpn_domains
nftset=/vps1.telegram.com/4#inet#fw4#vpn_domains
nftset=/vps2.telegram.com/4#inet#fw4#vpn_domains
nftset=/vps3.telegram.com/4#inet#fw4#vpn_domains
nftset=/vpscp.telegram.com/4#inet#fw4#vpn_domains
nftset=/vvv.telegram.com/4#inet#fw4#vpn_domains
nftset=/w3.telegram.com/4#inet#fw4#vpn_domains
nftset=/wave.telegram.com/4#inet#fw4#vpn_domains
nftset=/wbsnhes.telegram.com/4#inet#fw4#vpn_domains
nftset=/wc.telegram.com/4#inet#fw4#vpn_domains
nftset=/web.telegram.org/4#inet#fw4#vpn_domains
nftset=/web02.telegram.com/4#inet#fw4#vpn_domains
nftset=/web10.telegram.com/4#inet#fw4#vpn_domains
nftset=/web2.telegram.com/4#inet#fw4#vpn_domains
nftset=/web4.telegram.com/4#inet#fw4#vpn_domains
nftset=/web5.telegram.com/4#inet#fw4#vpn_domains
nftset=/web6.telegram.com/4#inet#fw4#vpn_domains
nftset=/web8.telegram.com/4#inet#fw4#vpn_domains
nftset=/webcam.telegram.com/4#inet#fw4#vpn_domains
nftset=/webdav.telegram.com/4#inet#fw4#vpn_domains
nftset=/webdb.telegram.com/4#inet#fw4#vpn_domains
nftset=/webdev.telegram.com/4#inet#fw4#vpn_domains
nftset=/webdisk.telegram.com/4#inet#fw4#vpn_domains
nftset=/weblog.telegram.com/4#inet#fw4#vpn_domains
nftset=/webmin.telegram.com/4#inet#fw4#vpn_domains
nftset=/webservice.telegram.com/4#inet#fw4#vpn_domains
nftset=/webservices.telegram.com/4#inet#fw4#vpn_domains
nftset=/webstore.telegram.com/4#inet#fw4#vpn_domains
nftset=/webtest.telegram.com/4#inet#fw4#vpn_domains
nftset=/wellcare.telegram.com/4#inet#fw4#vpn_domains
nftset=/wellsfargo.telegram.com/4#inet#fw4#vpn_domains
nftset=/westernunion.telegram.com/4#inet#fw4#vpn_domains
nftset=/wfscorp.telegram.com/4#inet#fw4#vpn_domains
nftset=/wholefoodsmarket.telegram.com/4#inet#fw4#vpn_domains
nftset=/wifi.telegram.com/4#inet#fw4#vpn_domains
nftset=/wiki.telegram.com/4#inet#fw4#vpn_domains
nftset=/williams.telegram.com/4#inet#fw4#vpn_domains
nftset=/win.telegram.com/4#inet#fw4#vpn_domains
nftset=/win12.telegram.com/4#inet#fw4#vpn_domains
nftset=/win14.telegram.com/4#inet#fw4#vpn_domains
nftset=/win16.telegram.com/4#inet#fw4#vpn_domains
nftset=/win17.telegram.com/4#inet#fw4#vpn_domains
nftset=/win18.telegram.com/4#inet#fw4#vpn_domains
nftset=/win2.telegram.com/4#inet#fw4#vpn_domains
nftset=/win32.telegram.com/4#inet#fw4#vpn_domains
nftset=/windows.telegram.com/4#inet#fw4#vpn_domains
nftset=/wm.telegram.com/4#inet#fw4#vpn_domains
nftset=/wordpress.telegram.com/4#inet#fw4#vpn_domains
nftset=/workplace.telegram.com/4#inet#fw4#vpn_domains
nftset=/wsus.telegram.com/4#inet#fw4#vpn_domains
nftset=/ww.telegram.com/4#inet#fw4#vpn_domains
nftset=/ww0.telegram.com/4#inet#fw4#vpn_domains
nftset=/ww01.telegram.com/4#inet#fw4#vpn_domains
nftset=/ww02.telegram.com/4#inet#fw4#vpn_domains
nftset=/ww03.telegram.com/4#inet#fw4#vpn_domains
nftset=/ww1.telegram.com/4#inet#fw4#vpn_domains
nftset=/ww7.telegram.com/4#inet#fw4#vpn_domains
nftset=/www-dev.telegram.com/4#inet#fw4#vpn_domains
nftset=/www-live-direct.telegram.com/4#inet#fw4#vpn_domains
nftset=/www-live-redirect.telegram.com/4#inet#fw4#vpn_domains
nftset=/www-old.telegram.com/4#inet#fw4#vpn_domains
nftset=/www.jschart.usercontent.dev/4#inet#fw4#vpn_domains
nftset=/www.proxy.telegram.org/4#inet#fw4#vpn_domains
nftset=/www.tdesktop.com/4#inet#fw4#vpn_domains
nftset=/www.telegram.com/4#inet#fw4#vpn_domains
nftset=/www0.telegram.com/4#inet#fw4#vpn_domains
nftset=/www01.telegram.com/4#inet#fw4#vpn_domains
nftset=/www02.telegram.com/4#inet#fw4#vpn_domains
nftset=/www3.telegram.com/4#inet#fw4#vpn_domains
nftset=/www8.telegram.com/4#inet#fw4#vpn_domains
nftset=/wwww.telegram.com/4#inet#fw4#vpn_domains
nftset=/wyndhamworldwide.telegram.com/4#inet#fw4#vpn_domains
nftset=/x.telegram.com/4#inet#fw4#vpn_domains
nftset=/xcelenergy.telegram.com/4#inet#fw4#vpn_domains
nftset=/xcp.telegram.com/4#inet#fw4#vpn_domains
nftset=/xerox.telegram.com/4#inet#fw4#vpn_domains
nftset=/xml.telegram.com/4#inet#fw4#vpn_domains
nftset=/xpo.telegram.com/4#inet#fw4#vpn_domains
nftset=/yaml.telegram.com/4#inet#fw4#vpn_domains
nftset=/yourmail.telegram.com/4#inet#fw4#vpn_domains
nftset=/zabbix.telegram.com/4#inet#fw4#vpn_domains
